finalProj/avo2015Fixed.csv
Unnamed: 0,Date,AveragePrice,Total Volume,4046,4225,4770,Total Bags,Small Bags,Large Bags,XLarge Bags,type,year,region,wage
0,2015-12-27,1.84,3195.0,1366.31,1652.5,0.0,176.19,103.33,72.86,0.0,organic,2015,Atlanta,7.25
1,2015-12-20,1.89,3973.64,2000.64,1925.52,0.0,47.48,36.66,10.82,0.0,organic,2015,Atlanta,7.25
2,2015-12-13,1.78,3610.91,1589.39,1581.83,0.0,439.69,208.32,231.37,0.0,organic,2015,Atlanta,7.25
3,2015-12-06,1.48,4400.25,1358.53,1735.98,0.0,1305.74,130.0,1175.74,0.0,organic,2015,Atlanta,7.25
4,2015-11-29,1.37,5205.88,1340.82,2104.37,0.0,1760.69,103.33,1657.36,0.0,organic,2015,Atlanta,7.25
5,2015-11-22,1.88,4015.99,1766.22,2096.22,0.0,153.55,70.0,83.55,0.0,organic,2015,Atlanta,7.25
6,2015-11-15,1.85,3888.18,1643.11,1661.96,0.0,583.11,470.0,113.11,0.0,organic,2015,Atlanta,7.25
7,2015-11-08,1.74,5317.73,1904.89,2047.54,0.0,1365.3,843.33,521.97,0.0,organic,2015,Atlanta,7.25
8,2015-11-01,1.79,5445.08,2074.17,2536.89,0.0,834.02,290.0,544.02,0.0,organic,2015,Atlanta,7.25
9,2015-10-25,1.87,5476.77,2441.49,2684.67,0.0,350.61,180.0,170.61,0.0,organic,2015,Atlanta,7.25
10,2015-10-18,1.94,5657.95,2169.0,2870.36,0.0,618.59,63.33,555.26,0.0,organic,2015,Atlanta,7.25
11,2015-10-11,1.75,7279.83,2387.77,3377.79,0.0,1514.27,0.0,1514.27,0.0,organic,2015,Atlanta,7.25
12,2015-10-04,1.79,7423.5,2743.66,3550.81,0.0,1129.03,0.0,1129.03,0.0,organic,2015,Atlanta,7.25
13,2015-09-27,2.01,5392.63,2232.51,3021.0,0.0,139.12,0.0,139.12,0.0,organic,2015,Atlanta,7.25
14,2015-09-20,2.04,5705.15,2378.64,3304.23,0.0,22.28,0.0,22.28,0.0,organic,2015,Atlanta,7.25
15,2015-09-13,2.0,5891.89,2340.17,3395.62,0.0,156.1,11.15,144.95,0.0,organic,2015,Atlanta,7.25
16,2015-09-06,1.98,6736.29,2522.07,3851.76,0.0,362.46,147.77,214.69,0.0,organic,2015,Atlanta,7.25
17,2015-08-30,1.53,9298.19,2349.53,3534.12,0.0,3414.54,1577.97,1836.57,0.0,organic,2015,Atlanta,7.25
18,2015-08-23,1.52,10342.09,2493.75,3862.12,0.0,3986.22,1841.3,2144.92,0.0,organic,2015,Atlanta,7.25
19,2015-08-16,1.83,6627.48,1953.69,3335.84,0.0,1337.95,1087.61,250.34,0.0,organic,2015,Atlanta,7.25
20,2015-08-09,2.01,5579.38,2291.03,2855.35,0.0,433.0,49.96,383.04,0.0,organic,2015,Atlanta,7.25
21,2015-08-02,1.8,5792.88,1981.77,2627.72,0.0,1183.39,277.57,905.82,0.0,organic,2015,Atlanta,7.25
22,2015-07-26,1.56,7888.45,2286.67,2468.79,0.0,3132.99,1537.46,1595.53,0.0,organic,2015,Atlanta,7.25
23,2015-07-19,1.29,7641.69,1571.09,2221.88,0.0,3848.72,1001.85,2846.87,0.0,organic,2015,Atlanta,7.25
24,2015-07-12,1.6,5946.34,1501.4,2208.56,0.0,2236.38,608.67,1627.71,0.0,organic,2015,Atlanta,7.25
25,2015-07-05,1.5,5744.26,1577.43,2748.05,0.0,1418.78,0.0,1418.78,0.0,organic,2015,Atlanta,7.25
26,2015-06-28,1.39,6313.67,1896.92,2306.95,0.0,2109.8,0.0,2109.8,0.0,organic,2015,Atlanta,7.25
27,2015-06-21,1.83,5003.46,1804.59,2660.93,0.0,537.94,0.0,537.94,0.0,organic,2015,Atlanta,7.25
28,2015-06-14,1.85,4484.76,1646.73,2236.3,0.0,601.73,2.73,599.0,0.0,organic,2015,Atlanta,7.25
29,2015-06-07,1.74,4096.05,1467.61,1864.5,0.0,763.94,147.2,616.74,0.0,organic,2015,Atlanta,7.25
30,2015-05-31,1.84,4803.11,1744.63,2484.81,0.0,573.67,97.88,475.79,0.0,organic,2015,Atlanta,7.25
31,2015-05-24,1.74,5464.3,1705.34,2707.04,0.0,1051.92,119.44,932.48,0.0,organic,2015,Atlanta,7.25
32,2015-05-17,1.78,5157.67,2076.48,2105.43,0.0,975.76,122.05,853.71,0.0,organic,2015,Atlanta,7.25
33,2015-05-10,1.82,5067.95,1878.0,2479.23,0.0,710.72,0.0,710.72,0.0,organic,2015,Atlanta,7.25
34,2015-05-03,2.03,3976.19,1325.62,2650.57,0.0,0.0,0.0,0.0,0.0,organic,2015,Atlanta,7.25
35,2015-04-26,2.01,4447.09,1627.63,2751.73,0.0,67.73,0.0,67.73,0.0,organic,2015,Atlanta,7.25
36,2015-04-19,1.63,6705.06,1820.12,4094.67,0.0,790.27,772.29,17.98,0.0,organic,2015,Atlanta,7.25
37,2015-04-12,1.79,6687.31,1899.54,4739.12,0.0,48.65,40.54,8.11,0.0,organic,2015,Atlanta,7.25
38,2015-04-05,1.74,5558.81,1595.31,3073.37,0.0,890.13,40.46,849.67,0.0,organic,2015,Atlanta,7.25
39,2015-03-29,1.88,5076.62,2016.24,2847.3,0.0,213.08,40.41,172.67,0.0,organic,2015,Atlanta,7.25
40,2015-03-22,1.62,6483.98,1891.11,4197.32,0.0,395.55,0.0,395.55,0.0,organic,2015,Atlanta,7.25
41,2015-03-15,1.19,13985.95,2004.93,9249.47,0.0,2731.55,0.0,2731.55,0.0,organic,2015,Atlanta,7.25
42,2015-03-08,1.22,16026.95,1579.22,11705.02,0.0,2742.71,0.0,2742.71,0.0,organic,2015,Atlanta,7.25
43,2015-03-01,1.22,16227.56,1683.31,12002.83,0.0,2541.42,0.0,2541.42,0.0,organic,2015,Atlanta,7.25
44,2015-02-22,1.38,10969.92,1780.63,7973.37,0.0,1215.92,83.33,1132.59,0.0,organic,2015,Atlanta,7.25
45,2015-02-15,1.46,7783.29,1449.86,5216.4,0.0,1117.03,700.0,417.03,0.0,organic,2015,Atlanta,7.25
46,2015-02-08,1.29,13288.3,1716.38,8656.15,0.0,2915.77,1316.67,1599.1,0.0,organic,2015,Atlanta,7.25
47,2015-02-01,1.44,7665.7,1565.49,4210.72,0.0,1889.49,1133.33,756.16,0.0,organic,2015,Atlanta,7.25
48,2015-01-25,1.87,3047.38,1578.59,735.23,0.0,733.56,533.33,200.23,0.0,organic,2015,Atlanta,7.25
49,2015-01-18,1.86,4294.01,2138.51,989.4,0.0,1166.1,1019.34,146.76,0.0,organic,2015,Atlanta,7.25
50,2015-01-11,1.84,3743.82,1613.69,1207.72,0.0,922.41,865.0,57.41,0.0,organic,2015,Atlanta,7.25
51,2015-01-04,1.76,3846.69,1500.15,938.35,0.0,1408.19,1071.35,336.84,0.0,organic,2015,Atlanta,7.25
0,2015-12-27,0.91,2272.26,15.53,508.49,0.0,1748.24,1008.2,740.04,0.0,organic,2015,Boise,7.25
1,2015-12-20,1.17,1807.57,10.29,409.07,0.0,1388.21,689.27,698.94,0.0,organic,2015,Boise,7.25
2,2015-12-13,0.87,4054.49,26.21,738.96,2.58,3286.74,1147.38,2139.36,0.0,organic,2015,Boise,7.25
3,2015-12-06,1.36,1286.83,11.75,533.55,0.0,741.53,73.33,668.2,0.0,organic,2015,Boise,7.25
4,2015-11-29,1.34,1047.42,2.59,418.01,0.0,626.82,20.0,606.82,0.0,organic,2015,Boise,7.25
5,2015-11-22,1.54,1000.86,7.77,724.33,2.59,266.17,13.34,252.83,0.0,organic,2015,Boise,7.25
6,2015-11-15,1.78,881.14,17.27,538.4,0.0,325.47,140.0,185.47,0.0,organic,2015,Boise,7.25
7,2015-11-08,1.5,1059.69,12.99,732.62,0.0,314.08,43.3,270.78,0.0,organic,2015,Boise,7.25
8,2015-11-01,1.16,2767.88,2.6,1411.88,3.9,1349.5,257.15,1092.35,0.0,organic,2015,Boise,7.25
9,2015-10-25,1.95,1106.41,14.34,690.76,3.91,397.4,220.0,177.4,0.0,organic,2015,Boise,7.25
10,2015-10-18,2.05,1169.26,10.44,836.3,0.0,322.52,116.67,205.85,0.0,organic,2015,Boise,7.25
11,2015-10-11,1.95,1396.94,9.12,1160.59,0.0,227.23,0.0,227.23,0.0,organic,2015,Boise,7.25
12,2015-10-04,1.83,1802.83,11.69,1456.26,0.0,334.88,0.0,334.88,0.0,organic,2015,Boise,7.25
13,2015-09-27,2.02,1137.03,17.54,822.27,0.0,297.22,16.66,280.56,0.0,organic,2015,Boise,7.25
14,2015-09-20,1.93,956.97,19.33,723.01,0.0,214.63,16.66,197.97,0.0,organic,2015,Boise,7.25
15,2015-09-13,2.28,996.79,10.31,856.71,0.0,129.77,123.33,6.44,0.0,organic,2015,Boise,7.25
16,2015-09-06,2.35,908.95,9.22,813.54,0.0,86.19,3.33,82.86,0.0,organic,2015,Boise,7.25
17,2015-08-30,1.47,3103.71,8.98,2789.26,0.0,305.47,76.67,228.8,0.0,organic,2015,Boise,7.25
18,2015-08-23,2.29,937.64,7.69,794.15,0.0,135.8,33.33,102.47,0.0,organic,2015,Boise,7.25
19,2015-08-16,1.69,2649.76,5.12,1894.81,0.0,749.83,86.67,663.16,0.0,organic,2015,Boise,7.25
20,2015-08-09,1.91,1656.67,21.74,1098.33,0.0,536.6,353.33,183.27,0.0,organic,2015,Boise,7.25
21,2015-08-02,2.15,1196.53,12.8,972.43,0.0,211.3,136.67,74.63,0.0,organic,2015,Boise,7.25
22,2015-07-26,2.08,1555.89,26.92,1201.02,0.0,327.95,203.33,124.62,0.0,organic,2015,Boise,7.25
23,2015-07-19,1.45,3103.11,37.26,2527.06,0.0,538.79,203.33,335.46,0.0,organic,2015,Boise,7.25
24,2015-07-12,2.05,1454.28,7.73,1091.29,0.0,355.26,230.0,125.26,0.0,organic,2015,Boise,7.25
25,2015-07-05,2.18,1594.45,11.65,1359.32,0.0,223.48,203.34,20.14,0.0,organic,2015,Boise,7.25
26,2015-06-28,1.58,2550.15,15.62,2464.53,0.0,70.0,70.0,0.0,0.0,organic,2015,Boise,7.25
27,2015-06-21,1.49,1921.75,6.54,1657.53,0.0,257.68,123.33,134.35,0.0,organic,2015,Boise,7.25
28,2015-06-14,2.18,1402.21,19.66,1161.32,0.0,221.23,206.67,14.56,0.0,organic,2015,Boise,7.25
29,2015-06-07,2.24,1381.67,2.63,1262.37,0.0,116.67,116.67,0.0,0.0,organic,2015,Boise,7.25
30,2015-05-31,1.54,2693.46,19.2,2374.26,0.0,300.0,300.0,0.0,0.0,organic,2015,Boise,7.25
31,2015-05-24,1.97,1274.53,45.07,1108.3,0.0,121.16,100.0,21.16,0.0,organic,2015,Boise,7.25
32,2015-05-17,1.92,1178.2,22.86,1010.43,0.0,144.91,86.67,58.24,0.0,organic,2015,Boise,7.25
33,2015-05-10,1.71,1404.65,25.6,959.24,0.0,419.81,123.33,296.48,0.0,organic,2015,Boise,7.25
34,2015-05-03,1.55,1403.79,22.12,737.88,0.0,643.79,210.0,433.79,0.0,organic,2015,Boise,7.25
35,2015-04-26,1.36,2154.49,9.05,1579.24,0.0,566.2,203.33,362.87,0.0,organic,2015,Boise,7.25
36,2015-04-19,1.69,1453.59,5.14,1138.32,0.0,310.13,156.67,153.46,0.0,organic,2015,Boise,7.25
37,2015-04-12,1.41,3807.38,5.11,3290.24,0.0,512.03,43.33,468.7,0.0,organic,2015,Boise,7.25
38,2015-04-05,1.83,1701.31,6.35,1216.07,0.0,478.89,296.67,182.22,0.0,organic,2015,Boise,7.25
39,2015-03-29,1.52,3933.04,8.82,3776.05,0.0,148.17,116.67,31.5,0.0,organic,2015,Boise,7.25
40,2015-03-22,1.51,3570.83,1.25,3429.16,0.0,140.42,50.0,90.42,0.0,organic,2015,Boise,7.25
41,2015-03-15,1.63,1777.09,0.0,1209.68,0.0,567.41,366.67,200.74,0.0,organic,2015,Boise,7.25
42,2015-03-08,1.5,4314.45,9.95,3799.34,0.0,505.16,253.33,251.83,0.0,organic,2015,Boise,7.25
43,2015-03-01,1.68,1396.48,2.48,945.45,0.0,448.55,393.33,55.22,0.0,organic,2015,Boise,7.25
44,2015-02-22,1.75,1081.18,1.24,813.03,0.0,266.91,260.0,6.91,0.0,organic,2015,Boise,7.25
45,2015-02-15,1.62,1308.88,11.21,891.63,0.0,406.04,166.67,239.37,0.0,organic,2015,Boise,7.25
46,2015-02-08,1.35,3870.67,13.74,2832.21,0.0,1024.72,323.33,701.39,0.0,organic,2015,Boise,7.25
47,2015-02-01,1.43,1780.76,0.0,999.31,0.0,781.45,283.33,498.12,0.0,organic,2015,Boise,7.25
48,2015-01-25,1.82,1174.53,1.26,858.4,0.0,314.87,133.33,181.54,0.0,organic,2015,Boise,7.25
49,2015-01-18,1.44,2973.94,8.83,2513.36,0.0,451.75,143.33,308.42,0.0,organic,2015,Boise,7.25
50,2015-01-11,1.44,2378.68,0.0,1923.4,0.0,455.28,170.0,285.28,0.0,organic,2015,Boise,7.25
51,2015-01-04,1.64,1505.12,1.27,1129.5,0.0,374.35,186.67,187.68,0.0,organic,2015,Boise,7.25
0,2015-12-27,1.48,7986.08,9.65,775.99,39.82,7160.62,7149.89,10.73,0.0,organic,2015,Boston,9.0
1,2015-12-20,1.41,7939.48,26.64,511.07,61.76,7340.01,7340.01,0.0,0.0,organic,2015,Boston,9.0
2,2015-12-13,1.55,8563.97,18.24,434.18,251.75,7859.8,7848.99,10.81,0.0,organic,2015,Boston,9.0
3,2015-12-06,1.29,8286.37,37.55,466.83,0.0,7781.99,7781.99,0.0,0.0,organic,2015,Boston,9.0
4,2015-11-29,1.28,6869.81,11.37,388.1,0.0,6470.34,6470.34,0.0,0.0,organic,2015,Boston,9.0
5,2015-11-22,1.27,7668.48,71.07,394.69,0.0,7202.72,7202.72,0.0,0.0,organic,2015,Boston,9.0
6,2015-11-15,1.15,8779.47,6.99,534.36,0.0,8238.12,8232.57,5.55,0.0,organic,2015,Boston,9.0
7,2015-11-08,1.22,7507.69,13.29,486.67,0.0,7007.73,6990.96,16.77,0.0,organic,2015,Boston,9.0
8,2015-11-01,1.3,7166.04,14.71,574.96,0.0,6576.37,6093.84,482.53,0.0,organic,2015,Boston,9.0
9,2015-10-25,1.27,8471.24,11.38,407.12,0.0,8052.74,6608.59,1444.15,0.0,organic,2015,Boston,9.0
10,2015-10-18,1.26,6986.04,19.93,488.69,0.0,6477.42,6387.39,90.03,0.0,organic,2015,Boston,9.0
11,2015-10-11,1.26,7698.58,12.33,386.4,0.0,7299.85,7299.85,0.0,0.0,organic,2015,Boston,9.0
12,2015-10-04,1.28,8186.26,14.4,647.58,0.0,7524.28,7524.28,0.0,0.0,organic,2015,Boston,9.0
13,2015-09-27,2.0,2023.36,15.19,758.31,0.0,1249.86,1249.86,0.0,0.0,organic,2015,Boston,9.0
14,2015-09-20,2.01,2623.42,16.17,1123.97,0.0,1483.28,1483.28,0.0,0.0,organic,2015,Boston,9.0
15,2015-09-13,2.0,3283.74,13.63,1299.4,0.0,1970.71,1970.71,0.0,0.0,organic,2015,Boston,9.0
16,2015-09-06,1.97,3343.86,57.99,1242.5,0.0,2043.37,2043.37,0.0,0.0,organic,2015,Boston,9.0
17,2015-08-30,2.03,2633.6,20.81,1081.19,0.0,1531.6,1531.6,0.0,0.0,organic,2015,Boston,9.0
18,2015-08-23,2.0,3080.47,41.2,1201.46,0.0,1837.81,1837.81,0.0,0.0,organic,2015,Boston,9.0
19,2015-08-16,2.09,2694.61,297.3,1041.09,0.0,1356.22,1356.22,0.0,0.0,organic,2015,Boston,9.0
20,2015-08-09,2.02,2955.27,185.35,1066.42,0.0,1703.5,1703.5,0.0,0.0,organic,2015,Boston,9.0
21,2015-08-02,2.12,3357.29,116.22,1353.43,0.0,1887.64,1887.64,0.0,0.0,organic,2015,Boston,9.0
22,2015-07-26,2.02,3367.46,99.25,1956.83,0.0,1311.38,1304.71,6.67,0.0,organic,2015,Boston,9.0
23,2015-07-19,2.05,3388.25,18.63,2152.1,0.0,1217.52,1217.52,0.0,0.0,organic,2015,Boston,9.0
24,2015-07-12,2.19,2763.5,19.61,1646.24,0.0,1097.65,1097.65,0.0,0.0,organic,2015,Boston,9.0
25,2015-07-05,2.13,3135.77,2.0,1530.03,0.0,1603.74,1603.74,0.0,0.0,organic,2015,Boston,9.0
26,2015-06-28,2.03,3045.1,13.15,1625.69,0.0,1406.26,1406.26,0.0,0.0,organic,2015,Boston,9.0
27,2015-06-21,2.06,2662.63,82.6,1124.34,0.0,1455.69,1455.69,0.0,0.0,organic,2015,Boston,9.0
28,2015-06-14,2.03,2943.18,71.77,1018.87,0.0,1852.54,1852.54,0.0,0.0,organic,2015,Boston,9.0
29,2015-06-07,2.0,3641.0,67.78,1199.74,0.0,2373.48,2373.48,0.0,0.0,organic,2015,Boston,9.0
30,2015-05-31,1.94,4235.93,45.51,1123.51,0.0,3066.91,3066.91,0.0,0.0,organic,2015,Boston,9.0
31,2015-05-24,1.94,3507.89,28.09,1052.29,0.0,2427.51,2427.51,0.0,0.0,organic,2015,Boston,9.0
32,2015-05-17,1.91,4366.74,54.38,1651.19,0.0,2661.17,2661.17,0.0,0.0,organic,2015,Boston,9.0
33,2015-05-10,2.02,3428.91,76.25,1275.48,0.0,2077.18,2077.18,0.0,0.0,organic,2015,Boston,9.0
34,2015-05-03,1.82,4123.17,20.35,1934.87,0.0,2167.95,2167.95,0.0,0.0,organic,2015,Boston,9.0
35,2015-04-26,1.86,3517.6,4.29,956.52,0.0,2556.79,2556.79,0.0,0.0,organic,2015,Boston,9.0
36,2015-04-19,1.94,2696.21,13.06,912.2,0.0,1770.95,1770.95,0.0,0.0,organic,2015,Boston,9.0
37,2015-04-12,1.86,3619.27,44.38,915.97,0.0,2658.92,2658.92,0.0,0.0,organic,2015,Boston,9.0
38,2015-04-05,1.91,3202.71,75.42,932.58,0.0,2194.71,2194.71,0.0,0.0,organic,2015,Boston,9.0
39,2015-03-29,1.98,2121.96,22.27,745.34,0.0,1354.35,1314.35,40.0,0.0,organic,2015,Boston,9.0
40,2015-03-22,1.94,2763.26,6.36,1119.46,0.0,1637.44,1627.44,10.0,0.0,organic,2015,Boston,9.0
41,2015-03-15,1.99,1965.57,19.04,904.23,0.0,1042.3,1042.3,0.0,0.0,organic,2015,Boston,9.0
42,2015-03-08,1.91,2566.9,29.07,945.32,0.0,1592.51,1592.51,0.0,0.0,organic,2015,Boston,9.0
43,2015-03-01,1.85,3024.12,8.47,932.5,0.0,2083.15,2083.15,0.0,0.0,organic,2015,Boston,9.0
44,2015-02-22,1.74,3325.89,75.83,1062.64,0.0,2187.42,2187.42,0.0,0.0,organic,2015,Boston,9.0
45,2015-02-15,1.91,2271.95,18.98,678.93,0.0,1574.04,1574.04,0.0,0.0,organic,2015,Boston,9.0
46,2015-02-08,1.91,3098.29,15.18,948.71,0.0,2134.4,2134.4,0.0,0.0,organic,2015,Boston,9.0
47,2015-02-01,1.78,2943.85,12.18,1308.94,0.0,1622.73,1622.73,0.0,0.0,organic,2015,Boston,9.0
48,2015-01-25,2.01,1948.28,3.14,760.39,0.0,1184.75,1184.75,0.0,0.0,organic,2015,Boston,9.0
49,2015-01-18,2.0,2209.34,4.22,834.34,0.0,1370.78,1370.78,0.0,0.0,organic,2015,Boston,9.0
50,2015-01-11,1.94,2217.82,12.82,956.07,0.0,1248.93,1248.93,0.0,0.0,organic,2015,Boston,9.0
51,2015-01-04,1.83,2192.13,8.66,939.43,0.0,1244.04,1244.04,0.0,0.0,organic,2015,Boston,9.0
