finalProj/avo2015Fixed.csv
Unnamed: 0,Date,AveragePrice,Total Volume,4046,4225,4770,Total Bags,Small Bags,Large Bags,XLarge Bags,type,year,region,wage
0,2015-12-27,1.9,2948.39,389.52,1416.49,682.38,460.0,460.0,0.0,0.0,organic,2015,Charlotte,7.25
1,2015-12-20,1.9,2940.47,326.79,1462.14,604.87,546.67,546.67,0.0,0.0,organic,2015,Charlotte,7.25
2,2015-12-13,1.9,2720.17,321.35,1353.35,527.18,518.29,473.33,44.96,0.0,organic,2015,Charlotte,7.25
3,2015-12-06,1.95,2487.94,162.31,1278.07,577.56,470.0,470.0,0.0,0.0,organic,2015,Charlotte,7.25
4,2015-11-29,1.96,2617.44,142.69,1404.09,638.12,432.54,425.87,6.67,0.0,organic,2015,Charlotte,7.25
5,2015-11-22,1.97,2798.21,234.13,1454.12,728.78,381.18,377.85,3.33,0.0,organic,2015,Charlotte,7.25
6,2015-11-15,1.94,3002.61,244.63,1295.86,828.52,633.6,633.6,0.0,0.0,organic,2015,Charlotte,7.25
7,2015-11-08,1.91,3103.1,332.85,1195.59,751.01,823.65,820.32,3.33,0.0,organic,2015,Charlotte,7.25
8,2015-11-01,1.92,3507.63,317.46,1300.88,1100.02,789.27,789.27,0.0,0.0,organic,2015,Charlotte,7.25
9,2015-10-25,1.93,3851.01,342.3,1551.67,1123.58,833.46,833.46,0.0,0.0,organic,2015,Charlotte,7.25
10,2015-10-18,1.97,3681.19,336.37,1394.0,1143.22,807.6,807.6,0.0,0.0,organic,2015,Charlotte,7.25
11,2015-10-11,1.94,3614.95,253.41,1370.54,1016.7,974.3,974.3,0.0,0.0,organic,2015,Charlotte,7.25
12,2015-10-04,2.06,3480.18,337.52,1218.57,808.84,1115.25,1115.25,0.0,0.0,organic,2015,Charlotte,7.25
13,2015-09-27,2.16,2965.81,291.76,1201.29,867.01,605.75,605.75,0.0,0.0,organic,2015,Charlotte,7.25
14,2015-09-20,1.97,4103.72,307.22,1181.6,842.48,1772.42,1772.42,0.0,0.0,organic,2015,Charlotte,7.25
15,2015-09-13,2.02,3992.43,327.06,1255.8,928.56,1481.01,1481.01,0.0,0.0,organic,2015,Charlotte,7.25
16,2015-09-06,2.01,4259.63,250.27,1331.42,1018.35,1659.59,1659.59,0.0,0.0,organic,2015,Charlotte,7.25
17,2015-08-30,2.01,4203.2,274.43,1401.28,1025.96,1501.53,1501.53,0.0,0.0,organic,2015,Charlotte,7.25
18,2015-08-23,2.06,4602.39,272.26,1766.07,1193.83,1370.23,1370.23,0.0,0.0,organic,2015,Charlotte,7.25
19,2015-08-16,2.04,4279.91,150.98,1496.03,1269.58,1363.32,1363.32,0.0,0.0,organic,2015,Charlotte,7.25
20,2015-08-09,1.98,4920.3,374.39,2116.41,1410.55,1018.95,1018.95,0.0,0.0,organic,2015,Charlotte,7.25
21,2015-08-02,2.11,3977.77,358.91,1441.63,1083.55,1093.68,1093.68,0.0,0.0,organic,2015,Charlotte,7.25
22,2015-07-26,2.08,3206.72,228.17,1265.39,861.44,851.72,835.05,16.67,0.0,organic,2015,Charlotte,7.25
23,2015-07-19,2.05,3885.45,199.61,1516.86,1018.6,1150.38,1150.38,0.0,0.0,organic,2015,Charlotte,7.25
24,2015-07-12,2.13,3962.07,287.98,1458.03,1144.44,1071.62,1071.62,0.0,0.0,organic,2015,Charlotte,7.25
25,2015-07-05,2.16,3669.96,278.99,1514.86,1196.67,679.44,679.44,0.0,0.0,organic,2015,Charlotte,7.25
26,2015-06-28,2.15,3823.73,414.23,1740.69,1016.64,652.17,652.17,0.0,0.0,organic,2015,Charlotte,7.25
27,2015-06-21,2.19,3425.95,336.07,1506.6,1081.37,501.91,501.91,0.0,0.0,organic,2015,Charlotte,7.25
28,2015-06-14,2.06,4040.75,325.75,1432.84,1059.26,1222.9,1222.9,0.0,0.0,organic,2015,Charlotte,7.25
29,2015-06-07,2.02,4369.42,278.55,1378.4,1159.44,1553.03,1553.03,0.0,0.0,organic,2015,Charlotte,7.25
30,2015-05-31,2.14,4092.07,335.32,1524.77,1348.57,883.41,883.41,0.0,0.0,organic,2015,Charlotte,7.25
31,2015-05-24,2.07,4774.56,405.0,1601.85,1473.53,1294.18,1294.18,0.0,0.0,organic,2015,Charlotte,7.25
32,2015-05-17,1.26,11088.2,476.58,4780.37,4975.49,855.76,855.76,0.0,0.0,organic,2015,Charlotte,7.25
33,2015-05-10,2.05,4245.72,465.84,1282.98,1191.26,1305.64,1305.64,0.0,0.0,organic,2015,Charlotte,7.25
34,2015-05-03,1.8,4635.16,265.21,1499.19,1856.14,1014.62,1014.62,0.0,0.0,organic,2015,Charlotte,7.25
35,2015-04-26,2.18,3471.08,295.75,1054.18,1150.52,970.63,970.63,0.0,0.0,organic,2015,Charlotte,7.25
36,2015-04-19,2.06,4163.99,234.0,1311.9,1400.1,1217.99,1217.99,0.0,0.0,organic,2015,Charlotte,7.25
37,2015-04-12,2.12,3870.58,255.73,1460.35,1256.22,898.28,898.28,0.0,0.0,organic,2015,Charlotte,7.25
38,2015-04-05,2.08,3643.37,303.66,1235.08,1127.82,976.81,976.81,0.0,0.0,organic,2015,Charlotte,7.25
39,2015-03-29,1.96,3493.98,267.8,1467.6,1227.69,530.89,530.89,0.0,0.0,organic,2015,Charlotte,7.25
40,2015-03-22,1.9,4289.1,329.84,1603.42,1221.87,1133.97,1133.97,0.0,0.0,organic,2015,Charlotte,7.25
41,2015-03-15,1.87,3890.97,205.39,1300.42,1102.84,1282.32,1282.32,0.0,0.0,organic,2015,Charlotte,7.25
42,2015-03-08,1.84,4143.11,215.98,1312.61,1163.42,1451.1,1451.1,0.0,0.0,organic,2015,Charlotte,7.25
43,2015-03-01,1.9,3545.33,189.99,1371.06,1099.96,884.32,884.32,0.0,0.0,organic,2015,Charlotte,7.25
44,2015-02-22,1.9,3180.29,198.13,1119.06,992.87,870.23,870.23,0.0,0.0,organic,2015,Charlotte,7.25
45,2015-02-15,1.92,3125.59,219.08,1098.75,1056.49,751.27,751.27,0.0,0.0,organic,2015,Charlotte,7.25
46,2015-02-08,1.87,4011.02,188.23,1382.91,1092.82,1347.06,1347.06,0.0,0.0,organic,2015,Charlotte,7.25
47,2015-02-01,1.93,3557.34,210.49,1244.18,1457.98,644.69,644.69,0.0,0.0,organic,2015,Charlotte,7.25
48,2015-01-25,2.29,2694.11,347.67,956.65,920.11,469.68,469.68,0.0,0.0,organic,2015,Charlotte,7.25
49,2015-01-18,2.15,2697.81,346.76,744.32,766.41,840.32,840.32,0.0,0.0,organic,2015,Charlotte,7.25
50,2015-01-11,2.29,2390.22,155.92,969.82,832.7,431.78,431.78,0.0,0.0,organic,2015,Charlotte,7.25
51,2015-01-04,2.13,2965.62,151.7,882.52,905.77,1025.63,1025.63,0.0,0.0,organic,2015,Charlotte,7.25
0,2015-12-27,1.43,7088.36,249.94,5919.28,0.0,919.14,266.67,652.47,0.0,organic,2015,CincinnatiDayton,7.75
1,2015-12-20,1.47,7113.17,303.65,6449.34,0.0,360.18,173.03,187.15,0.0,organic,2015,CincinnatiDayton,7.75
2,2015-12-13,1.32,8699.18,307.35,6153.05,0.0,2238.78,440.58,1798.2,0.0,organic,2015,CincinnatiDayton,7.75
3,2015-12-06,1.48,8656.18,234.08,7004.43,0.0,1417.67,663.33,754.34,0.0,organic,2015,CincinnatiDayton,7.75
4,2015-11-29,1.5,7189.95,284.13,6272.44,0.0,633.38,263.33,370.05,0.0,organic,2015,CincinnatiDayton,7.75
5,2015-11-22,1.36,8662.14,336.76,7558.29,0.0,767.09,193.33,573.76,0.0,organic,2015,CincinnatiDayton,7.75
6,2015-11-15,1.2,8896.59,338.88,7249.58,0.0,1308.13,286.67,1021.46,0.0,organic,2015,CincinnatiDayton,7.75
7,2015-11-08,1.3,10407.9,339.94,7705.72,0.0,2362.24,420.0,1942.24,0.0,organic,2015,CincinnatiDayton,7.75
8,2015-11-01,1.61,9499.24,287.24,7556.8,0.0,1655.2,326.67,1328.53,0.0,organic,2015,CincinnatiDayton,7.75
9,2015-10-25,1.56,10526.95,416.07,8846.71,0.0,1264.17,463.33,800.84,0.0,organic,2015,CincinnatiDayton,7.75
10,2015-10-18,1.5,12023.56,259.83,9299.99,0.0,2463.74,293.33,2170.41,0.0,organic,2015,CincinnatiDayton,7.75
11,2015-10-11,1.66,9860.75,304.48,8500.97,0.0,1055.3,443.33,611.97,0.0,organic,2015,CincinnatiDayton,7.75
12,2015-10-04,1.54,10231.74,341.89,8519.0,0.0,1370.85,303.33,1067.52,0.0,organic,2015,CincinnatiDayton,7.75
13,2015-09-27,1.46,10508.73,329.58,9461.16,0.0,717.99,96.67,621.32,0.0,organic,2015,CincinnatiDayton,7.75
14,2015-09-20,1.58,12915.37,379.74,12416.63,0.0,119.0,43.33,75.67,0.0,organic,2015,CincinnatiDayton,7.75
15,2015-09-13,1.59,14448.15,458.07,12290.62,0.0,1699.46,460.0,1239.46,0.0,organic,2015,CincinnatiDayton,7.75
16,2015-09-06,1.62,15010.83,517.66,13286.9,0.0,1206.27,550.0,656.27,0.0,organic,2015,CincinnatiDayton,7.75
17,2015-08-30,1.56,14000.96,459.35,11740.46,0.0,1801.15,190.0,1611.15,0.0,organic,2015,CincinnatiDayton,7.75
18,2015-08-23,1.58,14963.77,433.88,13036.74,0.0,1493.15,220.0,1273.15,0.0,organic,2015,CincinnatiDayton,7.75
19,2015-08-16,1.66,15095.2,252.24,13919.8,0.0,923.16,260.0,663.16,0.0,organic,2015,CincinnatiDayton,7.75
20,2015-08-09,1.59,14774.26,289.65,12902.16,0.0,1582.45,346.67,1235.78,0.0,organic,2015,CincinnatiDayton,7.75
21,2015-08-02,1.62,15286.4,198.92,14035.28,0.0,1052.2,123.34,928.86,0.0,organic,2015,CincinnatiDayton,7.75
22,2015-07-26,1.63,15050.08,253.43,12357.79,0.0,2438.86,70.0,2368.86,0.0,organic,2015,CincinnatiDayton,7.75
23,2015-07-19,1.66,14741.72,230.06,11663.77,0.0,2847.89,96.67,2751.22,0.0,organic,2015,CincinnatiDayton,7.75
24,2015-07-12,1.56,14507.57,241.98,11177.28,0.0,3088.31,226.67,2861.64,0.0,organic,2015,CincinnatiDayton,7.75
25,2015-07-05,1.59,15077.62,250.57,12154.91,0.0,2672.14,640.0,2032.14,0.0,organic,2015,CincinnatiDayton,7.75
26,2015-06-28,1.49,12523.04,313.32,11312.15,0.0,897.57,303.33,594.24,0.0,organic,2015,CincinnatiDayton,7.75
27,2015-06-21,1.39,13791.64,318.95,11779.34,0.0,1693.35,548.86,1144.49,0.0,organic,2015,CincinnatiDayton,7.75
28,2015-06-14,1.34,15445.59,225.1,12225.64,0.0,2994.85,1030.0,1964.85,0.0,organic,2015,CincinnatiDayton,7.75
29,2015-06-07,1.46,12893.69,209.83,11403.27,0.0,1280.59,985.63,294.96,0.0,organic,2015,CincinnatiDayton,7.75
30,2015-05-31,1.47,14240.44,247.34,12167.6,0.0,1825.5,1176.95,648.55,0.0,organic,2015,CincinnatiDayton,7.75
31,2015-05-24,1.48,14589.17,303.66,13023.85,0.0,1261.66,818.95,442.71,0.0,organic,2015,CincinnatiDayton,7.75
32,2015-05-17,1.27,16389.19,283.38,10504.29,0.0,5601.52,1797.12,3804.4,0.0,organic,2015,CincinnatiDayton,7.75
33,2015-05-10,1.43,15989.61,285.62,11539.26,0.0,4164.73,663.33,3501.4,0.0,organic,2015,CincinnatiDayton,7.75
34,2015-05-03,1.42,14145.51,248.06,11260.77,0.0,2636.68,680.0,1956.68,0.0,organic,2015,CincinnatiDayton,7.75
35,2015-04-26,1.36,16289.6,256.76,13336.25,0.0,2696.59,563.33,2133.26,0.0,organic,2015,CincinnatiDayton,7.75
36,2015-04-19,1.46,15386.2,374.37,13907.82,0.0,1104.01,510.91,593.1,0.0,organic,2015,CincinnatiDayton,7.75
37,2015-04-12,1.49,13607.83,272.3,12556.25,0.0,779.28,688.44,90.84,0.0,organic,2015,CincinnatiDayton,7.75
38,2015-04-05,1.22,16010.39,279.01,12842.34,0.0,2889.04,547.77,2341.27,0.0,organic,2015,CincinnatiDayton,7.75
39,2015-03-29,1.27,13809.65,344.26,12693.87,0.0,771.52,690.0,81.52,0.0,organic,2015,CincinnatiDayton,7.75
40,2015-03-22,1.25,13781.05,376.93,13270.16,0.0,133.96,106.67,27.29,0.0,organic,2015,CincinnatiDayton,7.75
41,2015-03-15,1.22,12310.3,237.38,11231.53,0.0,841.39,96.67,744.72,0.0,organic,2015,CincinnatiDayton,7.75
42,2015-03-08,1.17,13070.44,251.86,9304.08,0.0,3514.5,1373.33,2141.17,0.0,organic,2015,CincinnatiDayton,7.75
43,2015-03-01,1.24,10963.48,271.44,9758.15,0.0,933.89,696.67,237.22,0.0,organic,2015,CincinnatiDayton,7.75
44,2015-02-22,1.23,11254.29,258.35,9998.18,0.0,997.76,403.33,594.43,0.0,organic,2015,CincinnatiDayton,7.75
45,2015-02-15,1.22,10742.08,264.74,9452.15,0.0,1025.19,780.0,245.19,0.0,organic,2015,CincinnatiDayton,7.75
46,2015-02-08,1.24,10351.99,225.93,8949.13,0.0,1176.93,963.33,213.6,0.0,organic,2015,CincinnatiDayton,7.75
47,2015-02-01,1.19,10707.5,218.51,9140.29,0.0,1348.7,371.08,977.62,0.0,organic,2015,CincinnatiDayton,7.75
48,2015-01-25,1.26,10191.82,220.4,8150.22,0.0,1821.2,377.77,1443.43,0.0,organic,2015,CincinnatiDayton,7.75
49,2015-01-18,1.37,10051.4,282.08,9374.23,0.0,395.09,351.87,43.22,0.0,organic,2015,CincinnatiDayton,7.75
50,2015-01-11,1.32,11313.77,209.52,10352.17,0.0,752.08,310.62,441.46,0.0,organic,2015,CincinnatiDayton,7.75
51,2015-01-04,1.34,8764.33,144.47,6921.75,0.0,1698.11,585.96,1112.15,0.0,organic,2015,CincinnatiDayton,7.75
0,2015-12-27,1.33,10860.07,5921.12,421.38,0.0,4517.57,3584.44,933.13,0.0,organic,2015,DallasFtWorth,7.25
1,2015-12-20,1.38,11128.3,5742.81,384.49,0.0,5001.0,4594.21,406.79,0.0,organic,2015,DallasFtWorth,7.25
2,2015-12-13,1.43,12224.14,6036.65,389.17,0.0,5798.32,5798.32,0.0,0.0,organic,2015,DallasFtWorth,7.25
3,2015-12-06,1.48,10458.62,5582.56,401.5,0.0,4474.56,4474.56,0.0,0.0,organic,2015,DallasFtWorth,7.25
4,2015-11-29,1.46,9412.9,5706.47,278.7,0.0,3427.73,3427.73,0.0,0.0,organic,2015,DallasFtWorth,7.25
5,2015-11-22,1.46,10812.09,6189.69,271.59,0.0,4350.81,4350.81,0.0,0.0,organic,2015,DallasFtWorth,7.25
6,2015-11-15,1.36,11640.14,7099.89,416.6,0.0,4123.65,4123.65,0.0,0.0,organic,2015,DallasFtWorth,7.25
7,2015-11-08,1.46,11147.93,6807.09,441.15,0.0,3899.69,3899.69,0.0,0.0,organic,2015,DallasFtWorth,7.25
8,2015-11-01,1.41,12250.82,6449.72,268.05,0.0,5533.05,5533.05,0.0,0.0,organic,2015,DallasFtWorth,7.25
9,2015-10-25,1.48,13258.61,7509.17,329.44,0.0,5420.0,5410.0,10.0,0.0,organic,2015,DallasFtWorth,7.25
10,2015-10-18,1.39,11010.45,7657.06,253.39,0.0,3100.0,3070.0,30.0,0.0,organic,2015,DallasFtWorth,7.25
11,2015-10-11,1.48,10647.39,6628.99,378.41,0.0,3639.99,3636.66,3.33,0.0,organic,2015,DallasFtWorth,7.25
12,2015-10-04,1.49,10751.69,5675.04,446.65,0.0,4630.0,4626.67,3.33,0.0,organic,2015,DallasFtWorth,7.25
13,2015-09-27,1.48,12224.81,8224.68,303.47,0.0,3696.66,3696.66,0.0,0.0,organic,2015,DallasFtWorth,7.25
14,2015-09-20,1.47,12513.98,8023.81,240.17,0.0,4250.0,4250.0,0.0,0.0,organic,2015,DallasFtWorth,7.25
15,2015-09-13,1.48,12704.71,7561.87,362.7,0.0,4780.14,4776.8,3.34,0.0,organic,2015,DallasFtWorth,7.25
16,2015-09-06,1.46,12941.48,7399.01,347.0,0.0,5195.47,5195.47,0.0,0.0,organic,2015,DallasFtWorth,7.25
17,2015-08-30,1.36,14317.26,9720.71,348.71,0.0,4247.84,4081.53,166.31,0.0,organic,2015,DallasFtWorth,7.25
18,2015-08-23,1.36,17429.71,11090.91,565.77,0.0,5773.03,5238.79,534.24,0.0,organic,2015,DallasFtWorth,7.25
19,2015-08-16,1.45,13268.55,8229.01,694.8,0.0,4344.74,4334.74,10.0,0.0,organic,2015,DallasFtWorth,7.25
20,2015-08-09,1.4,16702.43,8961.35,999.37,0.0,6741.71,6741.71,0.0,0.0,organic,2015,DallasFtWorth,7.25
21,2015-08-02,1.31,12992.93,10686.21,522.44,36.97,1747.31,1733.98,13.33,0.0,organic,2015,DallasFtWorth,7.25
22,2015-07-26,1.14,12801.03,11536.0,337.16,0.0,927.87,927.87,0.0,0.0,organic,2015,DallasFtWorth,7.25
23,2015-07-19,1.29,11881.44,10492.38,499.9,0.0,889.16,889.16,0.0,0.0,organic,2015,DallasFtWorth,7.25
24,2015-07-12,1.27,11076.72,9757.92,444.54,0.0,874.26,874.26,0.0,0.0,organic,2015,DallasFtWorth,7.25
25,2015-07-05,1.3,13234.04,10979.75,459.19,0.0,1795.1,1795.1,0.0,0.0,organic,2015,DallasFtWorth,7.25
26,2015-06-28,1.33,11792.51,9252.18,434.28,0.0,2106.05,2106.05,0.0,0.0,organic,2015,DallasFtWorth,7.25
27,2015-06-21,1.37,9936.12,7968.59,486.7,0.0,1480.83,1480.83,0.0,0.0,organic,2015,DallasFtWorth,7.25
28,2015-06-14,1.35,9881.65,7806.7,512.0,0.0,1562.95,1562.95,0.0,0.0,organic,2015,DallasFtWorth,7.25
29,2015-06-07,1.35,9019.0,6952.15,356.44,0.0,1710.41,1710.41,0.0,0.0,organic,2015,DallasFtWorth,7.25
30,2015-05-31,1.38,9882.68,7376.1,398.95,0.0,2107.63,2107.63,0.0,0.0,organic,2015,DallasFtWorth,7.25
31,2015-05-24,1.36,12809.78,10061.35,430.17,0.0,2318.26,2318.26,0.0,0.0,organic,2015,DallasFtWorth,7.25
32,2015-05-17,1.35,11092.7,8380.26,445.77,0.0,2266.67,2266.67,0.0,0.0,organic,2015,DallasFtWorth,7.25
33,2015-05-10,1.39,10242.6,7874.84,351.09,0.0,2016.67,2013.34,3.33,0.0,organic,2015,DallasFtWorth,7.25
34,2015-05-03,1.37,6568.67,5350.74,207.93,0.0,1010.0,1010.0,0.0,0.0,organic,2015,DallasFtWorth,7.25
35,2015-04-26,1.34,9855.14,7679.05,379.42,0.0,1796.67,1796.67,0.0,0.0,organic,2015,DallasFtWorth,7.25
36,2015-04-19,1.35,12054.84,9552.71,525.47,0.0,1976.66,1976.66,0.0,0.0,organic,2015,DallasFtWorth,7.25
37,2015-04-12,1.39,11119.47,8189.75,526.38,0.0,2403.34,2403.34,0.0,0.0,organic,2015,DallasFtWorth,7.25
38,2015-04-05,1.36,11720.06,8239.86,486.87,0.0,2993.33,2993.33,0.0,0.0,organic,2015,DallasFtWorth,7.25
39,2015-03-29,1.36,9162.06,6160.98,467.75,0.0,2533.33,2533.33,0.0,0.0,organic,2015,DallasFtWorth,7.25
40,2015-03-22,1.29,13176.92,9505.21,765.04,0.0,2906.67,2906.67,0.0,0.0,organic,2015,DallasFtWorth,7.25
41,2015-03-15,1.34,11922.76,7889.79,659.64,0.0,3373.33,3373.33,0.0,0.0,organic,2015,DallasFtWorth,7.25
42,2015-03-08,1.39,8557.95,5946.47,498.15,0.0,2113.33,2113.33,0.0,0.0,organic,2015,DallasFtWorth,7.25
43,2015-03-01,1.29,17267.84,9540.52,850.65,0.0,6876.67,6876.67,0.0,0.0,organic,2015,DallasFtWorth,7.25
44,2015-02-22,1.38,15485.45,9117.48,851.3,0.0,5516.67,5516.67,0.0,0.0,organic,2015,DallasFtWorth,7.25
45,2015-02-15,1.41,10958.57,7081.47,827.1,0.0,3050.0,3050.0,0.0,0.0,organic,2015,DallasFtWorth,7.25
46,2015-02-08,1.35,10315.32,6135.93,826.06,0.0,3353.33,3353.33,0.0,0.0,organic,2015,DallasFtWorth,7.25
47,2015-02-01,1.24,12276.58,6669.52,1653.73,0.0,3953.33,3953.33,0.0,0.0,organic,2015,DallasFtWorth,7.25
48,2015-01-25,1.34,11247.71,7244.18,1390.2,0.0,2613.33,2613.33,0.0,0.0,organic,2015,DallasFtWorth,7.25
49,2015-01-18,1.28,12634.71,7556.77,871.27,0.0,4206.67,4206.67,0.0,0.0,organic,2015,DallasFtWorth,7.25
50,2015-01-11,1.35,12126.63,7136.34,1353.62,0.0,3636.67,3636.67,0.0,0.0,organic,2015,DallasFtWorth,7.25
51,2015-01-04,1.35,9895.96,4634.7,1647.92,0.0,3613.34,3613.34,0.0,0.0,organic,2015,DallasFtWorth,7.25
